/*---------------------------------------------------------------------------*\
| =========                 |                                                 |
| \\      /  F ield         | OpenFOAM: The Open Source CFD Toolbox           |
|  \\    /   O peration     | Version:  2506                                  |
|   \\  /    A nd           | Website:  www.openfoam.com                      |
|    \\/     M anipulation  |                                                 |
\*---------------------------------------------------------------------------*/
Build  : _615aae61-20250627 OPENFOAM=2506 version=2506
Arch   : "LSB;label=32;scalar=64"
Exec   : blockMesh
Date   : Aug 14 2025
Time   : 08:35:24
Host   : 44c79399d298
PID    : 7864
I/O    : uncollated
Case   : /case/of_case
nProcs : 1
trapFpe: Floating point exception trapping enabled (FOAM_SIGFPE).
fileModificationChecking : Monitoring run-time modified files using timeStampMaster (fileModificationSkew 5, maxFileModificationPolls 20)
allowSystemOperations : Allowing user-supplied system call operations

// * * * * * * * * * * * * * * * * * * * * * * * * * * * * * * * * * * * * * //
Create time

Creating block mesh from "system/blockMeshDict"
--> FOAM IOWarning :
    Found [v1012] 'convertToMeters' entry instead of 'scale' in dictionary "system/blockMeshDict"

    This keyword is 174 months old.

Creating block edges
No non-planar block faces defined
Creating topology blocks

Creating topology patches - from boundary section

Creating block mesh topology

Check topology

	Basic statistics
		Number of internal faces : 0
		Number of boundary faces : 6
		Number of defined boundary faces : 6
		Number of undefined boundary faces : 0
	Checking patch -> block consistency

Creating block offsets
Creating merge list (topological search)...

Creating polyMesh from blockMesh
Creating points with scale (1 1 1)
    Block 0 cell size :
        i : 0.2 .. 0.2
        j : 0.2 .. 0.2
        k : 0.125 .. 0.125

Creating cells
Creating patches
No patch pairs to merge

Writing polyMesh with 0 cellZones
----------------
Mesh Information
----------------
  boundingBox: (-2 -2 -1) (6 2 1)
  nPoints: 14637
  nCells: 12800
  nFaces: 40160
  nInternalFaces: 36640
----------------
Patches
----------------
  patch 0 (start: 36640 size: 320) name: inlet
  patch 1 (start: 36960 size: 320) name: outlet
  patch 2 (start: 37280 size: 640) name: top
  patch 3 (start: 37920 size: 640) name: bottom
  patch 4 (start: 38560 size: 800) name: front
  patch 5 (start: 39360 size: 800) name: back

End

