/*---------------------------------------------------------------------------*\
| =========                 |                                                 |
| \\      /  F ield         | OpenFOAM: The Open Source CFD Toolbox           |
|  \\    /   O peration     | Version:  2506                                  |
|   \\  /    A nd           | Website:  www.openfoam.com                      |
|    \\/     M anipulation  |                                                 |
\*---------------------------------------------------------------------------*/
Build  : _615aae61-20250627 OPENFOAM=2506 version=2506
Arch   : "LSB;label=32;scalar=64"
Exec   : snappyHexMesh -overwrite
Date   : Aug 14 2025
Time   : 08:35:24
Host   : 44c79399d298
PID    : 7865
I/O    : uncollated
Case   : /case/of_case
nProcs : 1
trapFpe: Floating point exception trapping enabled (FOAM_SIGFPE).
fileModificationChecking : Monitoring run-time modified files using timeStampMaster (fileModificationSkew 5, maxFileModificationPolls 20)
allowSystemOperations : Allowing user-supplied system call operations

// * * * * * * * * * * * * * * * * * * * * * * * * * * * * * * * * * * * * * //
Create time

Create mesh for time = 0

Read mesh in = 0.02 s

Overall mesh bounding box  : (-2 -2 -1) (6 2 1)
Relative tolerance         : 1e-06
Absolute matching distance : 9.16515e-06

Reading refinement surfaces.
Read refinement surfaces in = 0 s

Reading refinement shells.
Read refinement shells in = 0 s

Setting refinement level of surface to be consistent with shells.
For geometry wing.stl detected 0 uncached triangles out of 964
Checked shell refinement in = 0 s

Reading features.
Read features in = 0 s


Determining initial surface intersections
-----------------------------------------

Edge intersection testing:
    Number of edges             : 40160
    Number of edges to retest   : 0
    Number of intersected edges : 0
Edge intersection testing:
    Number of edges             : 40160
    Number of edges to retest   : 40160
    Number of intersected edges : 6
Calculated surface intersections in = 0.01 s

Initial mesh : cells:12800  faces:40160  points:14637
Cells per refinement level:
    0	12800
Setting refinement level of surface to be consistent with curvature.
Checked curvature refinement in = 0 s


Adding patches for surface regions
----------------------------------

Patch Type                Region                        
----- ----                ------                        
wing:

6     wall                wing                          

Added patches in = 0 s

Edge intersection testing:
    Number of edges             : 40160
    Number of edges to retest   : 0
    Number of intersected edges : 6
Decomposition method none [1]

Refinement phase
----------------

Found point (0 0 0.2) in cell 7609 on processor 0

Surface refinement iteration 0
------------------------------

Marked for refinement due to surface intersection          : 12 cells.
Determined cells to refine in = 0.01 s
Selected for refinement : 12 cells (out of 12800)
Edge intersection testing:
    Number of edges             : 40472
    Number of edges to retest   : 524
    Number of intersected edges : 24
Refined mesh in = 0.01 s
After refinement surface refinement iteration 0 : cells:12884  faces:40472  points:14790
Cells per refinement level:
    0	12788
    1	96

Surface refinement iteration 1
------------------------------

Marked for refinement due to surface intersection          : 48 cells.
Determined cells to refine in = 0 s
Selected for refinement : 76 cells (out of 12884)
Edge intersection testing:
    Number of edges             : 42290
    Number of edges to retest   : 2546
    Number of intersected edges : 108
Refined mesh in = 0.01 s
After refinement surface refinement iteration 1 : cells:13416  faces:42290  points:15564
Cells per refinement level:
    0	12760
    1	272
    2	384

Surface refinement iteration 2
------------------------------

Marked for refinement due to surface intersection          : 24 cells.
Determined cells to refine in = 0 s
Selected for refinement : 28 cells (out of 13416)
Edge intersection testing:
    Number of edges             : 42926
    Number of edges to retest   : 1484
    Number of intersected edges : 144
Refined mesh in = 0.01 s
After refinement surface refinement iteration 2 : cells:13612  faces:42926  points:15809
Cells per refinement level:
    0	12756
    1	280
    2	576

Surface refinement iteration 3
------------------------------

Marked for refinement due to surface intersection          : 0 cells.
Determined cells to refine in = 0 s
Selected for refinement : 0 cells (out of 13612)
Stopping refining since too few cells selected.


Removing mesh beyond surface intersections
------------------------------------------

Setting cellZones according to locationsInMesh:
Location : (0 0 0.2)
    cellZone : none

For cellZone none found point (0 0 0.2) in global region 0 out of 1 regions.
--> FOAM Warning : 
    From void Foam::meshRefinement::nearestFace(const Foam::labelUList&, const Foam::bitSet&, Foam::autoPtr<Foam::mapDistribute>&, Foam::labelList&, Foam::label) const
    in file meshRefinement/meshRefinement.C at line 526
    Did not visit some faces, e.g. face 0 at (-1.8 -1.9 -0.9375)
Keeping all cells containing inside points
Selected for keeping : 13612 cells.
Edge intersection testing:
    Number of edges             : 42926
    Number of edges to retest   : 0
    Number of intersected edges : 144

Shell refinement iteration 0
----------------------------

Marked for refinement due to distance to explicit features : 0 cells.
Marked for refinement due to refinement shells             : 0 cells.
Determined cells to refine in = 0.02 s
Selected for internal refinement : 108 cells (out of 13612)
Edge intersection testing:
    Number of edges             : 45398
    Number of edges to retest   : 4988
    Number of intersected edges : 156
Refined mesh in = 0.01 s
After refinement shell refinement iteration 0 : cells:14368  faces:45398  points:16776
Cells per refinement level:
    0	12712
    1	568
    2	1088

Shell refinement iteration 1
----------------------------

Marked for refinement due to distance to explicit features : 0 cells.
Marked for refinement due to refinement shells             : 0 cells.
Determined cells to refine in = 0 s
Selected for internal refinement : 40 cells (out of 14368)
Edge intersection testing:
    Number of edges             : 46304
    Number of edges to retest   : 2512
    Number of intersected edges : 156
Refined mesh in = 0.01 s
After refinement shell refinement iteration 1 : cells:14648  faces:46304  points:17125
Cells per refinement level:
    0	12672
    1	888
    2	1088

Shell refinement iteration 2
----------------------------

Marked for refinement due to distance to explicit features : 0 cells.
Marked for refinement due to refinement shells             : 0 cells.
Determined cells to refine in = 0 s
Selected for internal refinement : 0 cells (out of 14648)
Stopping refining since too few cells selected.


Dangling coarse cells refinement iteration 0
--------------------------------------------

Determined cells to refine in = 0.01 s
Selected for refinement : 0 cells (out of 14648)
Stopping refining since too few cells selected.


Dangling coarse cells refinement iteration 0
--------------------------------------------

Determined cells to refine in = 0 s
Selected for refinement : 0 cells (out of 14648)
Stopping refining since too few cells selected.


Refinement transition refinement iteration 0
--------------------------------------------

Determined cells to refine in = 0 s
Selected for refinement : 0 cells (out of 14648)
Stopping refining since too few cells selected.


Splitting mesh at surface intersections
---------------------------------------

Introducing baffles for 156 faces that are intersected by the surface.

Setting cellZones according to locationsInMesh:
Location : (0 0 0.2)
    cellZone : none

For cellZone none found point (0 0 0.2) in global region 0 out of 1 regions.
Edge intersection testing:
    Number of edges             : 46460
    Number of edges to retest   : 1312
    Number of intersected edges : 312
Created baffles in = 0.01 s


After introducing baffles : cells:14648  faces:46460  points:17125
Cells per refinement level:
    0	12672
    1	888
    2	1088

Introducing baffles to block off problem cells
----------------------------------------------

markFacesOnProblemCells : marked 0 additional internal faces to be converted into baffles.
Analyzed problem cells in = 0 s


Introducing baffles to delete problem cells.

Created baffles in = 0.01 s


After introducing baffles : cells:14648  faces:46460  points:17125
Cells per refinement level:
    0	12672
    1	888
    2	1088
Setting cellZones according to locationsInMesh:
Location : (0 0 0.2)
    cellZone : none

For cellZone none found point (0 0 0.2) in global region 0 out of 1 regions.
Edge intersection testing:
    Number of edges             : 46460
    Number of edges to retest   : 1312
    Number of intersected edges : 312

Remove unreachable sections of mesh
-----------------------------------

Split mesh in = 0.01 s


After subsetting : cells:14648  faces:46460  points:17125
Cells per refinement level:
    0	12672
    1	888
    2	1088

Introducing zones for interfaces
--------------------------------

Setting cellZones according to locationsInMesh:
Location : (0 0 0.2)
    cellZone : none

For cellZone none found point (0 0 0.2) in global region 0 out of 1 regions.
Setting faceZones according to neighbouring cellZones:

Edge intersection testing:
    Number of edges             : 46460
    Number of edges to retest   : 0
    Number of intersected edges : 312

Handling cells with snap problems
---------------------------------

Introducing baffles for 312 faces that are intersected by the surface.

Setting cellZones according to locationsInMesh:
Location : (0 0 0.2)
    cellZone : none

For cellZone none found point (0 0 0.2) in global region 0 out of 1 regions.
Edge intersection testing:
    Number of edges             : 46460
    Number of edges to retest   : 1312
    Number of intersected edges : 312
Created baffles in = 0.02 s


After introducing baffles : cells:14648  faces:46460  points:17125
Cells per refinement level:
    0	12672
    1	888
    2	1088

Introducing baffles to block off problem cells
----------------------------------------------

markFacesOnProblemCells : marked 0 additional internal faces to be converted into baffles.
Analyzed problem cells in = 0.01 s


Introducing baffles to delete problem cells.

Created baffles in = 0 s


After introducing baffles : cells:14648  faces:46460  points:17125
Cells per refinement level:
    0	12672
    1	888
    2	1088
Setting cellZones according to locationsInMesh:
Location : (0 0 0.2)
    cellZone : none

For cellZone none found point (0 0 0.2) in global region 0 out of 1 regions.
Edge intersection testing:
    Number of edges             : 46460
    Number of edges to retest   : 1312
    Number of intersected edges : 312

Remove unreachable sections of mesh
-----------------------------------

Split mesh in = 0.01 s


After subsetting : cells:14648  faces:46460  points:17125
Cells per refinement level:
    0	12672
    1	888
    2	1088

Merge free-standing baffles
---------------------------

freeStandingBaffles : detected 60 free-standing baffles out of 156

freeStandingBaffles : detected 60 planar (within 180 degrees) free-standing baffles out of 60

Detected free-standing baffles : 60
Edge intersection testing:
    Number of edges             : 46400
    Number of edges to retest   : 60
    Number of intersected edges : 252

Introducing baffles to block off problem cells
----------------------------------------------

markFacesOnProblemCells : marked 0 additional internal faces to be converted into baffles.
Analyzed problem cells in = 0.02 s


Introducing baffles to delete problem cells.

Created baffles in = 0 s


After introducing baffles : cells:14648  faces:46400  points:17125
Cells per refinement level:
    0	12672
    1	888
    2	1088

Remove unreachable sections of mesh
-----------------------------------

Merged free-standing baffles in = 0 s


dupNonManifoldPoints : Found : 69 non-manifold points (out of 17125)
Edge intersection testing:
    Number of edges             : 46400
    Number of edges to retest   : 0
    Number of intersected edges : 252
Detected unsplittable baffles : 0

Merge refined boundary faces
----------------------------

Merging 0 sets of faces.

No faces merged ...

Merging all points on surface that
- are used by only two boundary faces and
- make an angle with a cosine of more than 0.707107.

No straight edges simplified and no points removed ...
Refined mesh : cells:14648  faces:46400  points:17194
Cells per refinement level:
    0	12672
    1	888
    2	1088
Writing mesh to time constant
Wrote mesh in = 0.03 s.
Mesh refined in = 0.22 s.

Morphing phase
--------------

Duplicating 0 points on faceZones of type boundary
Constructing mesh displacer ...
Using mesh parameters 
{
    maxNonOrtho     75;
    maxBoundarySkewness 20;
    maxInternalSkewness 4;
    maxConcave      80;
    minVol          1e-13;
    minTetQuality   1e-09;
    minArea         -1;
    minTwist        0.02;
    minDeterminant  0.001;
    minFaceWeight   0.02;
    minVolRatio     0.01;
    minTriangleTwist -1;
    nSmoothScale    4;
    errorReduction  0.75;
    relaxed
    {
        maxNonOrtho     85;
    }
}


Checking initial mesh ...
Checking faces in error :
    non-orthogonality > 75  degrees                        : 0
    faces with face pyramid volume < 1e-13                 : 0
    faces with face-decomposition tet quality < 1e-09      : 0
    faces with concavity > 80  degrees                     : 0
    faces with skewness > 4   (internal) or 20  (boundary) : 0
    faces with interpolation weights (0..1)  < 0.02        : 0
    faces with volume ratio of neighbour cells < 0.01      : 0
    faces with face twist < 0.02                           : 0
    faces on cells with determinant < 0.001                : 0
Detected 0 illegal faces (concave, zero area or negative cell pyramid volume)
Checked initial mesh in = 0.06 s


Smoothing patch points ...
Smoothing iteration 0
Found 138 non-manifold point(s).

Scaling iteration 0
Moving mesh using displacement scaling : min:1 max:1
Checking faces in error :
    non-orthogonality > 75  degrees                        : 0
    faces with face pyramid volume < 1e-13                 : 0
    faces with face-decomposition tet quality < 1e-09      : 0
    faces with concavity > 80  degrees                     : 0
    faces with skewness > 4   (internal) or 20  (boundary) : 0
    faces with interpolation weights (0..1)  < 0.02        : 0
    faces with volume ratio of neighbour cells < 0.01      : 0
    faces with face twist < 0.02                           : 0
    faces on cells with determinant < 0.001                : 0
Successfully moved mesh

Smoothing iteration 1
Found 0 non-manifold point(s).

Scaling iteration 0
Moving mesh using displacement scaling : min:1 max:1
Checking faces in error :
    non-orthogonality > 75  degrees                        : 0
    faces with face pyramid volume < 1e-13                 : 0
    faces with face-decomposition tet quality < 1e-09      : 0
    faces with concavity > 80  degrees                     : 0
    faces with skewness > 4   (internal) or 20  (boundary) : 0
    faces with interpolation weights (0..1)  < 0.02        : 0
    faces with volume ratio of neighbour cells < 0.01      : 0
    faces with face twist < 0.02                           : 0
    faces on cells with determinant < 0.001                : 0
Successfully moved mesh

Patch points smoothed in = 0.03 s



Morph iteration 0
-----------------
Calculating patchDisplacement as distance to nearest surface point ...
    non-zone points : attract to nearest of all non-zone surfaces
    zone points     : attract to zone surface only

Wanted displacement : average:0.00337834 min:1.09778e-05 max:0.0113271
Calculated surface displacement in = 0 s


Detecting near surfaces ...
Overriding nearest with intersection of close gaps at 0 out of 194 points.
--> FOAM Warning : Displacement (0.000650315 -0.00452319 0.000141053) at mesh point 4726 coord (0.196959 2.02105e-18 -0.35937) points through the surrounding patch faces
Smoothing displacement ...
Iteration 0
Displacement smoothed in = 0 s


Moving mesh ...

Iteration 0
Moving mesh using displacement scaling : min:1 max:1
Checking faces in error :
    non-orthogonality > 75  degrees                        : 0
    faces with face pyramid volume < 1e-13                 : 0
    faces with face-decomposition tet quality < 1e-09      : 0
    faces with concavity > 80  degrees                     : 0
    faces with skewness > 4   (internal) or 20  (boundary) : 0
    faces with interpolation weights (0..1)  < 0.02        : 0
    faces with volume ratio of neighbour cells < 0.01      : 0
    faces with face twist < 0.02                           : 0
    faces on cells with determinant < 0.001                : 0
Successfully moved mesh
Moved mesh in = 0.01 s


Repatching faces according to nearest surface ...
Repatched 0 faces in = 0 s


Edge intersection testing:
    Number of edges             : 46400
    Number of edges to retest   : 13724
    Number of intersected edges : 252
Merging 0 sets of faces.

No faces merged ...

Merging all points on surface that
- are used by only two boundary faces and
- make an angle with a cosine of more than -1.

No straight edges simplified and no points removed ...
Snapped mesh : cells:14648  faces:46400  points:17194
Cells per refinement level:
    0	12672
    1	888
    2	1088
Writing mesh to time constant
Wrote mesh in = 0.01 s.
Mesh snapped in = 0.08 s.
Checking final mesh ...
Checking faces in error :
    non-orthogonality > 75  degrees                        : 0
    faces with face pyramid volume < 1e-13                 : 0
    faces with face-decomposition tet quality < 1e-09      : 0
    faces with concavity > 80  degrees                     : 0
    faces with skewness > 4   (internal) or 20  (boundary) : 0
    faces with interpolation weights (0..1)  < 0.02        : 0
    faces with volume ratio of neighbour cells < 0.01      : 0
    faces with face twist < 0.02                           : 0
    faces on cells with determinant < 0.001                : 0
Finished meshing without any errors
Finished meshing in = 0.35 s.
End

